******************************************************************************
                  TI ARM Linker PC v20.2.5                     
******************************************************************************
>> Linked Fri Apr  8 11:34:13 2022

OUTPUT FILE NAME:   <Tahir_examples.out>
ENTRY POINT SYMBOL: "_c_int00_noargs"  address: 0000051d


MEMORY CONFIGURATION

         name            origin    length      used     unused   attr    fill
----------------------  --------  ---------  --------  --------  ----  --------
  FLASH                 00000000   00020000  0000065c  0001f9a4  R  X
  SRAM                  20000000   00008000  00000220  00007de0  RW X


SEGMENT ALLOCATION MAP

run origin  load origin   length   init length attrs members
----------  ----------- ---------- ----------- ----- -------
00000000    00000000    0000065c   0000065c    r-x
  00000000    00000000    0000026c   0000026c    r-- .intvecs
  0000026c    0000026c    000003dc   000003dc    r-x .text
  00000648    00000648    00000014   00000014    r-- .cinit
20000000    20000000    00000220   00000000    rw-
  20000000    20000000    00000200   00000000    rw- .stack
  20000200    20000200    00000020   00000000    rw- .bss


SECTION ALLOCATION MAP

 output                                  attributes/
section   page    origin      length       input sections
--------  ----  ----------  ----------   ----------------
.intvecs   0    00000000    0000026c     
                  00000000    0000026c     tm4c1231e6pm_startup_ccs.obj (.intvecs)

.text      0    0000026c    000003dc     
                  0000026c    00000170     tahir_adc.obj (.text)
                  000003dc    0000007a     driverlib.lib : adc.obj (.text:ADCSequenceStepConfigure)
                  00000456    0000004e                   : adc.obj (.text:ADCSequenceConfigure)
                  000004a4    00000044     rtsv7M4_T_le_v4SPD16_eabi.lib : autoinit.c.obj (.text:__TI_auto_init_nobinit_nopinit:__TI_auto_init_nobinit_nopinit)
                  000004e8    00000034     driverlib.lib : sysctl.obj (.text:SysCtlPeripheralEnable)
                  0000051c    00000034     rtsv7M4_T_le_v4SPD16_eabi.lib : boot_cortex_m.c.obj (.text:_c_int00_noargs:_c_int00_noargs)
                  00000550    00000030     main.obj (.text)
                  00000580    0000002e     driverlib.lib : adc.obj (.text:ADCIntStatus)
                  000005ae    0000001e                   : adc.obj (.text:ADCSequenceDataGet)
                  000005cc    0000001c     rtsv7M4_T_le_v4SPD16_eabi.lib : copy_zero_init.c.obj (.text:decompress:ZI:__TI_zero_init_nomemset:__TI_zero_init_nomemset)
                  000005e8    00000018     driverlib.lib : adc.obj (.text:ADCProcessorTrigger)
                  00000600    0000000e                   : adc.obj (.text:ADCHardwareOversampleConfigure)
                  0000060e    0000000e                   : adc.obj (.text:ADCSequenceDisable)
                  0000061c    0000000e                   : adc.obj (.text:ADCSequenceEnable)
                  0000062a    0000000c     tm4c1231e6pm_startup_ccs.obj (.text)
                  00000636    0000000a     driverlib.lib : adc.obj (.text:ADCIntClear)
                  00000640    00000004     rtsv7M4_T_le_v4SPD16_eabi.lib : pre_init.c.obj (.text:_system_pre_init)
                  00000644    00000004                                   : exit.c.obj (.text:abort:abort)

.cinit     0    00000648    00000014     
                  00000648    00000008     (.cinit..bss.load) [load image, compression = zero_init]
                  00000650    00000004     (__TI_handler_table)
                  00000654    00000008     (__TI_cinit_table)

.init_array 
*          0    00000000    00000000     UNINITIALIZED

.bss       0    20000200    00000020     UNINITIALIZED
                  20000200    00000014     (.common:readAdcValues)
                  20000214    00000008     (.common:v_t_adcValues)
                  2000021c    00000004     (.common:v_t_adcValue)

.stack     0    20000000    00000200     UNINITIALIZED
                  20000000    00000004     rtsv7M4_T_le_v4SPD16_eabi.lib : boot_cortex_m.c.obj (.stack)
                  20000004    000001fc     --HOLE--

__llvm_prf_cnts 
*          0    20000000    00000000     UNINITIALIZED

MODULE SUMMARY

       Module                         code   ro data   rw data
       ------                         ----   -------   -------
    .\
       tm4c1231e6pm_startup_ccs.obj   12     620       0      
       tahir_adc.obj                  368    0         0      
       main.obj                       48     0         32     
    +--+------------------------------+------+---------+---------+
       Total:                         428    620       32     
                                                              
    C:/ti/TivaWare_C_Series-2.2.0.295/driverlib/ccs/Debug/driverlib.lib
       adc.obj                        352    0         0      
       sysctl.obj                     52     0         0      
    +--+------------------------------+------+---------+---------+
       Total:                         404    0         0      
                                                              
    C:\ti\ccs1100\ccs\tools\compiler\ti-cgt-arm_20.2.5.LTS\lib\rtsv7M4_T_le_v4SPD16_eabi.lib
       autoinit.c.obj                 68     0         0      
       boot_cortex_m.c.obj            52     0         0      
       copy_zero_init.c.obj           28     0         0      
       exit.c.obj                     4      0         0      
       pre_init.c.obj                 4      0         0      
    +--+------------------------------+------+---------+---------+
       Total:                         156    0         0      
                                                              
       Stack:                         0      0         512    
       Linker Generated:              0      20        0      
    +--+------------------------------+------+---------+---------+
       Grand Total:                   988    640       544    


LINKER GENERATED COPY TABLES

__TI_cinit_table @ 00000654 records: 1, size/record: 8, table size: 8
	.bss: load addr=00000648, load size=00000008 bytes, run addr=20000200, run size=00000020 bytes, compression=zero_init


LINKER GENERATED HANDLER TABLE

__TI_handler_table @ 00000650 records: 1, size/record: 4, table size: 4
	index: 0, handler: __TI_zero_init


GLOBAL SYMBOLS: SORTED ALPHABETICALLY BY Name 

address   name                          
-------   ----                          
00000601  ADCHardwareOversampleConfigure
00000637  ADCIntClear                   
00000581  ADCIntStatus                  
000005e9  ADCProcessorTrigger           
00000457  ADCSequenceConfigure          
000005af  ADCSequenceDataGet            
0000060f  ADCSequenceDisable            
0000061d  ADCSequenceEnable             
000003dd  ADCSequenceStepConfigure      
00000645  C$$EXIT                       
0000062b  ResetISR                      
000004e9  SysCtlPeripheralEnable        
20000200  __STACK_END                   
00000200  __STACK_SIZE                  
20000200  __STACK_TOP                   
00000654  __TI_CINIT_Base               
0000065c  __TI_CINIT_Limit              
00000650  __TI_Handler_Table_Base       
00000654  __TI_Handler_Table_Limit      
000004a5  __TI_auto_init_nobinit_nopinit
ffffffff  __TI_pprof_out_hndl           
ffffffff  __TI_prof_data_size           
ffffffff  __TI_prof_data_start          
00000000  __TI_static_base__            
000005cd  __TI_zero_init_nomemset       
ffffffff  __binit__                     
ffffffff  __c_args__                    
UNDEFED   __mpu_init                    
20000000  __stack                       
20000000  __start___llvm_prf_cnts       
20000000  __stop___llvm_prf_cnts        
0000051d  _c_int00_noargs               
UNDEFED   _system_post_cinit            
00000641  _system_pre_init              
00000645  abort                         
ffffffff  binit                         
00000000  g_pfnVectors                  
00000551  main                          
20000200  readAdcValues                 
2000021c  v_t_adcValue                  
20000214  v_t_adcValues                 
0000026d  v_t_initADC                   
00000293  v_t_readADC                   


GLOBAL SYMBOLS: SORTED BY Symbol Address 

address   name                          
-------   ----                          
00000000  __TI_static_base__            
00000000  g_pfnVectors                  
00000200  __STACK_SIZE                  
0000026d  v_t_initADC                   
00000293  v_t_readADC                   
000003dd  ADCSequenceStepConfigure      
00000457  ADCSequenceConfigure          
000004a5  __TI_auto_init_nobinit_nopinit
000004e9  SysCtlPeripheralEnable        
0000051d  _c_int00_noargs               
00000551  main                          
00000581  ADCIntStatus                  
000005af  ADCSequenceDataGet            
000005cd  __TI_zero_init_nomemset       
000005e9  ADCProcessorTrigger           
00000601  ADCHardwareOversampleConfigure
0000060f  ADCSequenceDisable            
0000061d  ADCSequenceEnable             
0000062b  ResetISR                      
00000637  ADCIntClear                   
00000641  _system_pre_init              
00000645  C$$EXIT                       
00000645  abort                         
00000650  __TI_Handler_Table_Base       
00000654  __TI_CINIT_Base               
00000654  __TI_Handler_Table_Limit      
0000065c  __TI_CINIT_Limit              
20000000  __stack                       
20000000  __start___llvm_prf_cnts       
20000000  __stop___llvm_prf_cnts        
20000200  __STACK_END                   
20000200  __STACK_TOP                   
20000200  readAdcValues                 
20000214  v_t_adcValues                 
2000021c  v_t_adcValue                  
ffffffff  __TI_pprof_out_hndl           
ffffffff  __TI_prof_data_size           
ffffffff  __TI_prof_data_start          
ffffffff  __binit__                     
ffffffff  __c_args__                    
ffffffff  binit                         
UNDEFED   __mpu_init                    
UNDEFED   _system_post_cinit            

[43 symbols]
